C:\Users\David Laureles\Documents\GitHub\Next-Step\python_ai\data\synthetic\combinatorial_generator.py:338: DeprecationWarning: datetime.datetime.utcnow() is deprecated and scheduled for removal in a future version. Use timezone-aware objects to represent datetimes in UTC: datetime.datetime.now(datetime.UTC).
  "generated_at": datetime.utcnow().isoformat(),
Generating 40,000 synthetic pairs -> C:\Users\David Laureles\Documents\GitHub\Next-Step\python_ai\data\labeled\synthetic_pairs.jsonl
Label method: rule-based
  Generated 1,000/40,000...
  Generated 2,000/40,000...
  Generated 3,000/40,000...
  Generated 4,000/40,000...
  Generated 5,000/40,000...
  Generated 6,000/40,000...
  Generated 7,000/40,000...
  Generated 8,000/40,000...
  Generated 9,000/40,000...
  Generated 10,000/40,000...
  Generated 11,000/40,000...
  Generated 12,000/40,000...
  Generated 13,000/40,000...
  Generated 14,000/40,000...
  Generated 15,000/40,000...
  Generated 16,000/40,000...
  Generated 17,000/40,000...
  Generated 18,000/40,000...
  Generated 19,000/40,000...
  Generated 20,000/40,000...
  Generated 21,000/40,000...
  Generated 22,000/40,000...
  Generated 23,000/40,000...
  Generated 24,000/40,000...
  Generated 25,000/40,000...
  Generated 26,000/40,000...
  Generated 27,000/40,000...
  Generated 28,000/40,000...
  Generated 29,000/40,000...
  Generated 30,000/40,000...
  Generated 31,000/40,000...
  Generated 32,000/40,000...
  Generated 33,000/40,000...
  Generated 34,000/40,000...
  Generated 35,000/40,000...
  Generated 36,000/40,000...
  Generated 37,000/40,000...
  Generated 38,000/40,000...
  Generated 39,000/40,000...
  Generated 40,000/40,000...

Done. 40,000 pairs saved to C:\Users\David Laureles\Documents\GitHub\Next-Step\python_ai\data\labeled\synthetic_pairs.jsonl
Estimated total combinations: 111,394,285
